// Jest Snapshot v1, https://goo.gl/fbAQLP

exports[`Pruebas de componente match snapshot 1`] = `
<div>
  <h1
    data-testid="test-title"
  >
     
    Hola VASCO
     
  </h1>
  <p>
    No hay subt√≠tulo
  </p>
  <p>
    Fernando Herrera
  </p>
</div>
`;
